ASxxxx Linker V03.00 + NoICE + sdld,  page 1.
Hexadecimal  [32-Bits]

Area                                    Addr        Size        Decimal Bytes (Attributes)
--------------------------------        ----        ----        ------- ----- ------------
CABS                                00000000    00000000 =           0. bytes (ABS,CON,CODE)

      Value  Global                              Global Defined In Module
      -----  --------------------------------   ------------------------
C:   00000000  l_BSEG                          
C:   00000000  l_BSEG_BYTES                    
C:   00000000  l_CABS                          
C:   00000000  l_GSINIT1                       
C:   00000000  l_GSINIT5                       
C:   00000000  l_IABS                          
C:   00000000  l_ISEG                          
C:   00000000  l_OSEG                          
C:   00000000  l_PSEG                          
C:   00000000  l_REG_BANK_1                    
C:   00000000  l_REG_BANK_2                    
C:   00000000  l_REG_BANK_3                    
C:   00000000  l_RSEG                          
C:   00000000  l_RSEG0                         
C:   00000000  l_XABS                          
C:   00000000  l_XINIT                         
C:   00000000  l_XISEG                         
C:   00000000  l_XSEG                          
C:   00000000  l__CODE                         
C:   00000000  s_BSEG                          
C:   00000000  s_CABS                          
C:   00000000  s_DSEG                          
C:   00000000  s_HOME                          
C:   00000000  s_IABS                          
C:   00000000  s_ISEG                          
C:   00000000  s_REG_BANK_0                    
C:   00000000  s_RSEG                          
C:   00000000  s_RSEG0                         
C:   00000000  s_RSEG1                         
C:   00000000  s_XABS                          
C:   00000001  l_BIT_BANK                      
C:   00000001  l_RSEG1                         
C:   00000001  s_PSEG                          
C:   00000001  s_XISEG                         
C:   00000001  s_XSEG                          
C:   00000003  l_GSFINAL                       
C:   00000003  l_GSINIT                        
C:   00000003  l_GSINIT0                       
C:   00000008  l_REG_BANK_0                    
C:   00000008  s_REG_BANK_1                    
C:   0000000A  l_GSINIT2                       
C:   00000010  s_REG_BANK_2                    
C:   00000018  s_REG_BANK_3                    
C:   00000020  s_BIT_BANK                      
C:   00000020  s_BSEG_BYTES                    
C:   00000020  s_OSEG                          
C:   00000020  s__CODE                         
C:   00000021  s_SSEG                          
C:   00000022  l_GSINIT3                       
C:   00000029  l_HOME                          
ASxxxx Linker V03.00 + NoICE + sdld,  page 2.
Hexadecimal  [32-Bits]

Area                                    Addr        Size        Decimal Bytes (Attributes)
--------------------------------        ----        ----        ------- ----- ------------
CABS                                00000000    00000000 =           0. bytes (ABS,CON,CODE)

      Value  Global                              Global Defined In Module
      -----  --------------------------------   ------------------------
C:   00000029  s_GSINIT0                       
C:   0000002A  l_GSINIT4                       
C:   0000002C  s_GSINIT1                       
C:   0000002C  s_GSINIT2                       
C:   00000036  s_GSINIT3                       
C:   00000058  s_GSINIT4                       
C:   00000069  l_DSEG                          
C:   00000082  s_GSINIT                        
C:   00000082  s_GSINIT5                       
C:   00000085  s_GSFINAL                       
C:   00000088  s_CSEG                          
C:   000000DF  l_SSEG                          
C:   00000100  l_IRAM                          
C:   00000109  l_CONST                         
C:   0000022A  l_CSEG                          
C:   000002B2  s_CONST                         
C:   000003BB  s_XINIT                         

ASxxxx Linker V03.00 + NoICE + sdld,  page 3.
Hexadecimal  [32-Bits]

Area                                    Addr        Size        Decimal Bytes (Attributes)
--------------------------------        ----        ----        ------- ----- ------------
RSEG1                               00000000    00000001 =           1. bytes (ABS,CON)

      Value  Global                              Global Defined In Module
      -----  --------------------------------   ------------------------
     00000000  Lmain.SendStringONOFFSerally$pin   main
     00000000  _SendStringONOFFSerally_PARM_2     main

ASxxxx Linker V03.00 + NoICE + sdld,  page 4.
Hexadecimal  [32-Bits]

Area                                    Addr        Size        Decimal Bytes (Attributes)
--------------------------------        ----        ----        ------- ----- ------------
.  .ABS.                            00000000    00000000 =           0. bytes (ABS,CON)

      Value  Global                              Global Defined In Module
      -----  --------------------------------   ------------------------
     00000000  .__.ABS.                           _startup
     00000080  G$P0$0$0                           main
     00000080  G$P0_0$0$0                         main
     00000080  _P0                                main
     00000080  _P0_0                              main
     00000081  G$P0_1$0$0                         main
     00000081  G$SP$0$0                           main
     00000081  _P0_1                              main
     00000081  _SP                                main
     00000082  G$DPL$0$0                          main
     00000082  G$P0_2$0$0                         main
     00000082  _DPL                               main
     00000082  _P0_2                              main
     00000083  G$DPH$0$0                          main
     00000083  G$P0_3$0$0                         main
     00000083  _DPH                               main
     00000083  _P0_3                              main
     00000084  G$P0_4$0$0                         main
     00000084  _P0_4                              main
     00000085  G$P0_5$0$0                         main
     00000085  _P0_5                              main
     00000086  G$P0_6$0$0                         main
     00000086  _P0_6                              main
     00000087  G$P0_7$0$0                         main
     00000087  G$PCON$0$0                         main
     00000087  _P0_7                              main
     00000087  _PCON                              main
     00000088  G$IT0$0$0                          main
     00000088  G$TCON$0$0                         main
     00000088  _IT0                               main
     00000088  _TCON                              main
     00000089  G$IE0$0$0                          main
     00000089  G$TMOD$0$0                         main
     00000089  _IE0                               main
     00000089  _TMOD                              main
     0000008A  G$IT1$0$0                          main
     0000008A  G$TL0$0$0                          main
     0000008A  _IT1                               main
     0000008A  _TL0                               main
     0000008B  G$IE1$0$0                          main
     0000008B  G$TL1$0$0                          main
     0000008B  _IE1                               main
     0000008B  _TL1                               main
     0000008C  G$TH0$0$0                          main
     0000008C  G$TR0$0$0                          main
     0000008C  _TH0                               main
     0000008C  _TR0                               main
     0000008D  G$TF0$0$0                          main
     0000008D  G$TH1$0$0                          main
     0000008D  _TF0                               main
ASxxxx Linker V03.00 + NoICE + sdld,  page 5.
Hexadecimal  [32-Bits]

Area                                    Addr        Size        Decimal Bytes (Attributes)
--------------------------------        ----        ----        ------- ----- ------------
.  .ABS.                            00000000    00000000 =           0. bytes (ABS,CON)

      Value  Global                              Global Defined In Module
      -----  --------------------------------   ------------------------
     0000008D  _TH1                               main
     0000008E  G$TR1$0$0                          main
     0000008E  _TR1                               main
     0000008F  G$TF1$0$0                          main
     0000008F  _TF1                               main
     00000090  G$P1$0$0                           main
     00000090  G$P1_0$0$0                         main
     00000090  _P1                                main
     00000090  _P1_0                              main
     00000091  G$P1_1$0$0                         main
     00000091  _P1_1                              main
     00000092  G$P1_2$0$0                         main
     00000092  _P1_2                              main
     00000093  G$P1_3$0$0                         main
     00000093  _P1_3                              main
     00000094  G$P1_4$0$0                         main
     00000094  _P1_4                              main
     00000095  G$P1_5$0$0                         main
     00000095  _P1_5                              main
     00000096  G$P1_6$0$0                         main
     00000096  _P1_6                              main
     00000097  G$P1_7$0$0                         main
     00000097  _P1_7                              main
     00000098  G$RI$0$0                           main
     00000098  G$SCON$0$0                         main
     00000098  _RI                                main
     00000098  _SCON                              main
     00000099  G$SBUF$0$0                         main
     00000099  G$TI$0$0                           main
     00000099  _SBUF                              main
     00000099  _TI                                main
     0000009A  G$RB8$0$0                          main
     0000009A  _RB8                               main
     0000009B  G$TB8$0$0                          main
     0000009B  _TB8                               main
     0000009C  G$REN$0$0                          main
     0000009C  _REN                               main
     0000009D  G$SM2$0$0                          main
     0000009D  _SM2                               main
     0000009E  G$SM1$0$0                          main
     0000009E  _SM1                               main
     0000009F  G$SM0$0$0                          main
     0000009F  _SM0                               main
     000000A0  G$P2$0$0                           main
     000000A0  G$P2_0$0$0                         main
     000000A0  _P2                                main
     000000A0  _P2_0                              main
     000000A0  __XPAGE                            
     000000A1  G$P2_1$0$0                         main
     000000A1  _P2_1                              main
     000000A2  G$P2_2$0$0                         main
ASxxxx Linker V03.00 + NoICE + sdld,  page 6.
Hexadecimal  [32-Bits]

Area                                    Addr        Size        Decimal Bytes (Attributes)
--------------------------------        ----        ----        ------- ----- ------------
.  .ABS.                            00000000    00000000 =           0. bytes (ABS,CON)

      Value  Global                              Global Defined In Module
      -----  --------------------------------   ------------------------
     000000A2  _P2_2                              main
     000000A3  G$P2_3$0$0                         main
     000000A3  _P2_3                              main
     000000A4  G$P2_4$0$0                         main
     000000A4  _P2_4                              main
     000000A5  G$P2_5$0$0                         main
     000000A5  _P2_5                              main
     000000A6  G$P2_6$0$0                         main
     000000A6  _P2_6                              main
     000000A7  G$P2_7$0$0                         main
     000000A7  _P2_7                              main
     000000A8  G$EX0$0$0                          main
     000000A8  G$IE$0$0                           main
     000000A8  _EX0                               main
     000000A8  _IE                                main
     000000A9  G$ET0$0$0                          main
     000000A9  _ET0                               main
     000000AA  G$EX1$0$0                          main
     000000AA  _EX1                               main
     000000AB  G$ET1$0$0                          main
     000000AB  _ET1                               main
     000000AC  G$ES$0$0                           main
     000000AC  _ES                                main
     000000AF  G$EA$0$0                           main
     000000AF  _EA                                main
     000000B0  G$P3$0$0                           main
     000000B0  G$P3_0$0$0                         main
     000000B0  G$RXD$0$0                          main
     000000B0  _P3                                main
     000000B0  _P3_0                              main
     000000B0  _RXD                               main
     000000B1  G$P3_1$0$0                         main
     000000B1  G$TXD$0$0                          main
     000000B1  _P3_1                              main
     000000B1  _TXD                               main
     000000B2  G$INT0$0$0                         main
     000000B2  G$P3_2$0$0                         main
     000000B2  _INT0                              main
     000000B2  _P3_2                              main
     000000B3  G$INT1$0$0                         main
     000000B3  G$P3_3$0$0                         main
     000000B3  _INT1                              main
     000000B3  _P3_3                              main
     000000B4  G$P3_4$0$0                         main
     000000B4  G$T0$0$0                           main
     000000B4  _P3_4                              main
     000000B4  _T0                                main
     000000B5  G$P3_5$0$0                         main
     000000B5  G$T1$0$0                           main
     000000B5  _P3_5                              main
     000000B5  _T1                                main
ASxxxx Linker V03.00 + NoICE + sdld,  page 7.
Hexadecimal  [32-Bits]

Area                                    Addr        Size        Decimal Bytes (Attributes)
--------------------------------        ----        ----        ------- ----- ------------
.  .ABS.                            00000000    00000000 =           0. bytes (ABS,CON)

      Value  Global                              Global Defined In Module
      -----  --------------------------------   ------------------------
     000000B6  G$P3_6$0$0                         main
     000000B6  G$WR$0$0                           main
     000000B6  _P3_6                              main
     000000B6  _WR                                main
     000000B7  G$P3_7$0$0                         main
     000000B7  G$RD$0$0                           main
     000000B7  _P3_7                              main
     000000B7  _RD                                main
     000000B8  G$IP$0$0                           main
     000000B8  G$PX0$0$0                          main
     000000B8  _IP                                main
     000000B8  _PX0                               main
     000000B9  G$PT0$0$0                          main
     000000B9  _PT0                               main
     000000BA  G$PX1$0$0                          main
     000000BA  _PX1                               main
     000000BB  G$PT1$0$0                          main
     000000BB  _PT1                               main
     000000BC  G$PS$0$0                           main
     000000BC  _PS                                main
     000000D0  G$P$0$0                            main
     000000D0  G$PSW$0$0                          main
     000000D0  _P                                 main
     000000D0  _PSW                               main
     000000D1  G$F1$0$0                           main
     000000D1  _F1                                main
     000000D2  G$OV$0$0                           main
     000000D2  _OV                                main
     000000D3  G$RS0$0$0                          main
     000000D3  _RS0                               main
     000000D4  G$RS1$0$0                          main
     000000D4  _RS1                               main
     000000D5  G$F0$0$0                           main
     000000D5  _F0                                main
     000000D6  G$AC$0$0                           main
     000000D6  _AC                                main
     000000D7  G$CY$0$0                           main
     000000D7  _CY                                main
     000000E0  G$ACC$0$0                          main
     000000E0  _ACC                               main
     000000F0  G$B$0$0                            main
     000000F0  _B                                 main
     000000F5  _B_5                               _gptrget
     000000F6  _B_6                               _gptrget
     000000F7  _B_7                               _gptrget

ASxxxx Linker V03.00 + NoICE + sdld,  page 8.
Hexadecimal  [32-Bits]

Area                                    Addr        Size        Decimal Bytes (Attributes)
--------------------------------        ----        ----        ------- ----- ------------
REG_BANK_0                          00000000    00000008 =           8. bytes (REL,OVR)

      Value  Global                              Global Defined In Module
      -----  --------------------------------   ------------------------
ASxxxx Linker V03.00 + NoICE + sdld,  page 9.
Hexadecimal  [32-Bits]

Area                                    Addr        Size        Decimal Bytes (Attributes)
--------------------------------        ----        ----        ------- ----- ------------
BIT_BANK                            00000020    00000001 =           1. bytes (REL,OVR)

      Value  Global                              Global Defined In Module
      -----  --------------------------------   ------------------------
ASxxxx Linker V03.00 + NoICE + sdld,  page 10.
Hexadecimal  [32-Bits]

Area                                    Addr        Size        Decimal Bytes (Attributes)
--------------------------------        ----        ----        ------- ----- ------------
DSEG                                00000000    00000069 =         105. bytes (REL,CON)

      Value  Global                              Global Defined In Module
      -----  --------------------------------   ------------------------
     00000008  G$contador$0$0                     main
     00000008  _contador                          main

ASxxxx Linker V03.00 + NoICE + sdld,  page 11.
Hexadecimal  [32-Bits]

Area                                    Addr        Size        Decimal Bytes (Attributes)
--------------------------------        ----        ----        ------- ----- ------------
SSEG                                00000021    000000DF =         223. bytes (REL,OVR)

      Value  Global                              Global Defined In Module
      -----  --------------------------------   ------------------------
     00000021  __start__stack                     main

ASxxxx Linker V03.00 + NoICE + sdld,  page 12.
Hexadecimal  [32-Bits]

Area                                    Addr        Size        Decimal Bytes (Attributes)
--------------------------------        ----        ----        ------- ----- ------------
HOME                                00000000    00000029 =          41. bytes (REL,CON,CODE)

      Value  Global                              Global Defined In Module
      -----  --------------------------------   ------------------------
C:   00000000  A$main$409                         main
C:   00000003  A$main$410                         main
C:   0000000B  A$main$412                         main
C:   00000013  A$main$414                         main
C:   0000001B  A$main$416                         main
C:   00000023  A$main$418                         main
C:   00000026  A$main$443                         main
C:   00000026  __sdcc_program_startup             main

ASxxxx Linker V03.00 + NoICE + sdld,  page 13.
Hexadecimal  [32-Bits]

Area                                    Addr        Size        Decimal Bytes (Attributes)
--------------------------------        ----        ----        ------- ----- ------------
GSINIT0                             00000029    00000003 =           3. bytes (REL,CON,CODE)

      Value  Global                              Global Defined In Module
      -----  --------------------------------   ------------------------
C:   00000029  __sdcc_gsinit_startup              

ASxxxx Linker V03.00 + NoICE + sdld,  page 14.
Hexadecimal  [32-Bits]

Area                                    Addr        Size        Decimal Bytes (Attributes)
--------------------------------        ----        ----        ------- ----- ------------
GSINIT2                             0000002C    0000000A =          10. bytes (REL,CON,CODE)

      Value  Global                              Global Defined In Module
      -----  --------------------------------   ------------------------
ASxxxx Linker V03.00 + NoICE + sdld,  page 15.
Hexadecimal  [32-Bits]

Area                                    Addr        Size        Decimal Bytes (Attributes)
--------------------------------        ----        ----        ------- ----- ------------
GSINIT3                             00000036    00000022 =          34. bytes (REL,CON,CODE)

      Value  Global                              Global Defined In Module
      -----  --------------------------------   ------------------------
C:   00000036  __mcs51_genXINIT                   

ASxxxx Linker V03.00 + NoICE + sdld,  page 16.
Hexadecimal  [32-Bits]

Area                                    Addr        Size        Decimal Bytes (Attributes)
--------------------------------        ----        ----        ------- ----- ------------
GSINIT4                             00000058    0000002A =          42. bytes (REL,CON,CODE)

      Value  Global                              Global Defined In Module
      -----  --------------------------------   ------------------------
C:   00000058  __mcs51_genRAMCLEAR                
C:   0000005E  __mcs51_genXRAMCLEAR               

ASxxxx Linker V03.00 + NoICE + sdld,  page 17.
Hexadecimal  [32-Bits]

Area                                    Addr        Size        Decimal Bytes (Attributes)
--------------------------------        ----        ----        ------- ----- ------------
GSINIT                              00000082    00000003 =           3. bytes (REL,CON,CODE)

      Value  Global                              Global Defined In Module
      -----  --------------------------------   ------------------------
C:   00000082  A$main$434                         main
C:   00000082  C$main.c$34$1$29                   main

ASxxxx Linker V03.00 + NoICE + sdld,  page 18.
Hexadecimal  [32-Bits]

Area                                    Addr        Size        Decimal Bytes (Attributes)
--------------------------------        ----        ----        ------- ----- ------------
GSFINAL                             00000085    00000003 =           3. bytes (REL,CON,CODE)

      Value  Global                              Global Defined In Module
      -----  --------------------------------   ------------------------
C:   00000085  A$main$436                         main

ASxxxx Linker V03.00 + NoICE + sdld,  page 19.
Hexadecimal  [32-Bits]

Area                                    Addr        Size        Decimal Bytes (Attributes)
--------------------------------        ----        ----        ------- ----- ------------
CSEG                                00000088    0000022A =         554. bytes (REL,CON,CODE)

      Value  Global                              Global Defined In Module
      -----  --------------------------------   ------------------------
C:   00000088  A$main$469                         main
C:   00000088  C$main.c$36$0$0                    main
C:   00000088  C$main.c$38$1$9                    main
C:   00000088  G$main$0$0                         main
C:   00000088  _main                              main
C:   0000008B  A$main$472                         main
C:   0000008B  C$main.c$39$1$9                    main
C:   0000008E  A$main$475                         main
C:   0000008E  C$main.c$40$1$9                    main
C:   00000090  A$main$478                         main
C:   00000090  C$main.c$41$1$9                    main
C:   00000093  A$main$479                         main
C:   00000096  A$main$480                         main
C:   00000099  A$main$483                         main
C:   00000099  C$main.c$42$1$9                    main
C:   0000009C  A$main$484                         main
C:   0000009F  A$main$485                         main
C:   000000A2  A$main$488                         main
C:   000000A2  C$main.c$43$1$9                    main
C:   000000A5  A$main$489                         main
C:   000000A8  A$main$490                         main
C:   000000AB  A$main$493                         main
C:   000000AB  C$main.c$45$1$9                    main
C:   000000AD  A$main$496                         main
C:   000000AD  C$main.c$46$1$9                    main
C:   000000AF  A$main$502                         main
C:   000000AF  C$main.c$48$1$9                    main
C:   000000AF  C$main.c$51$2$10                   main
C:   000000B1  A$main$505                         main
C:   000000B1  C$main.c$52$2$10                   main
C:   000000B4  A$main$506                         main
C:   000000B7  A$main$509                         main
C:   000000B7  C$main.c$53$2$10                   main
C:   000000B9  A$main$512                         main
C:   000000B9  C$main.c$54$2$10                   main
C:   000000BC  A$main$513                         main
C:   000000BF  A$main$514                         main
C:   000000C1  A$main$517                         main
C:   000000C1  C$main.c$56$1$9                    main
C:   000000C1  XG$main$0$0                        main
C:   000000C2  A$main$531                         main
C:   000000C2  C$main.c$58$1$9                    main
C:   000000C2  G$delay$0$0                        main
C:   000000C2  _delay                             main
C:   000000C4  A$main$532                         main
C:   000000C6  A$main$535                         main
C:   000000C6  C$main.c$61$1$12                   main
C:   000000C8  A$main$536                         main
C:   000000CA  A$main$538                         main
C:   000000CB  A$main$539                         main
ASxxxx Linker V03.00 + NoICE + sdld,  page 20.
Hexadecimal  [32-Bits]

Area                                    Addr        Size        Decimal Bytes (Attributes)
--------------------------------        ----        ----        ------- ----- ------------
CSEG                                00000088    0000022A =         554. bytes (REL,CON,CODE)

      Value  Global                              Global Defined In Module
      -----  --------------------------------   ------------------------
C:   000000CC  A$main$540                         main
C:   000000CD  A$main$541                         main
C:   000000CE  A$main$542                         main
C:   000000CF  A$main$543                         main
C:   000000D1  A$main$544                         main
C:   000000D2  A$main$545                         main
C:   000000D5  A$main$546                         main
C:   000000D6  A$main$547                         main
C:   000000D8  A$main$551                         main
C:   000000D8  C$main.c$62$1$12                   main
C:   000000D8  XG$delay$0$0                       main
C:   000000D9  A$main$564                         main
C:   000000D9  C$main.c$64$1$12                   main
C:   000000D9  C$main.c$66$1$14                   main
C:   000000D9  G$cct_init$0$0                     main
C:   000000D9  _cct_init                          main
C:   000000DC  A$main$567                         main
C:   000000DC  C$main.c$67$1$14                   main
C:   000000DF  A$main$570                         main
C:   000000DF  C$main.c$68$1$14                   main
C:   000000E2  A$main$573                         main
C:   000000E2  C$main.c$69$1$14                   main
C:   000000E5  A$main$576                         main
C:   000000E5  C$main.c$70$1$14                   main
C:   000000E5  XG$cct_init$0$0                    main
C:   000000E6  A$main$589                         main
C:   000000E6  C$main.c$72$1$14                   main
C:   000000E6  C$main.c$74$1$16                   main
C:   000000E6  G$SerialInitialize$0$0             main
C:   000000E6  _SerialInitialize                  main
C:   000000E9  A$main$592                         main
C:   000000E9  C$main.c$75$1$16                   main
C:   000000EC  A$main$595                         main
C:   000000EC  C$main.c$76$1$16                   main
C:   000000EF  A$main$598                         main
C:   000000EF  C$main.c$77$1$16                   main
C:   000000F1  A$main$601                         main
C:   000000F1  C$main.c$78$1$16                   main
C:   000000F1  XG$SerialInitialize$0$0            main
C:   000000F2  A$main$614                         main
C:   000000F2  C$main.c$80$1$16                   main
C:   000000F2  G$SendByteSerially$0$0             main
C:   000000F2  _SendByteSerially                  main
C:   000000F5  A$main$620                         main
C:   000000F5  C$main.c$83$1$18                   main
C:   000000F5  C$main.c$84$1$18                   main
C:   000000F8  A$main$621                         main
C:   000000FA  A$main$625                         main
C:   000000FA  C$main.c$85$1$18                   main
C:   000000FA  XG$SendByteSerially$0$0            main
C:   000000FB  A$main$638                         main
ASxxxx Linker V03.00 + NoICE + sdld,  page 21.
Hexadecimal  [32-Bits]

Area                                    Addr        Size        Decimal Bytes (Attributes)
--------------------------------        ----        ----        ------- ----- ------------
CSEG                                00000088    0000022A =         554. bytes (REL,CON,CODE)

      Value  Global                              Global Defined In Module
      -----  --------------------------------   ------------------------
C:   000000FB  C$main.c$87$1$18                   main
C:   000000FB  C$main.c$89$1$20                   main
C:   000000FB  G$SendCRLFSerially$0$0             main
C:   000000FB  _SendCRLFSerially                  main
C:   000000FE  A$main$639                         main
C:   00000101  A$main$642                         main
C:   00000101  C$main.c$90$1$20                   main
C:   00000104  A$main$643                         main
C:   00000107  A$main$646                         main
C:   00000107  C$main.c$91$1$20                   main
C:   00000107  XG$SendCRLFSerially$0$0            main
C:   00000108  A$main$660                         main
C:   00000108  C$main.c$93$1$20                   main
C:   00000108  G$SendStringSerally$0$0            main
C:   00000108  _SendStringSerally                 main
C:   0000010A  A$main$661                         main
C:   0000010C  A$main$662                         main
C:   0000010E  A$main$665                         main
C:   0000010E  C$main.c$96$1$22                   main
C:   00000110  A$main$667                         main
C:   00000111  A$main$668                         main
C:   00000112  A$main$669                         main
C:   00000113  A$main$670                         main
C:   00000114  A$main$671                         main
C:   00000115  A$main$672                         main
C:   00000116  A$main$673                         main
C:   00000118  A$main$674                         main
C:   0000011A  A$main$675                         main
C:   0000011C  A$main$676                         main
C:   0000011E  A$main$677                         main
C:   00000121  A$main$678                         main
C:   00000123  A$main$681                         main
C:   00000123  C$main.c$98$2$23                   main
C:   00000125  A$main$682                         main
C:   00000126  A$main$683                         main
C:   00000127  A$main$684                         main
C:   00000128  A$main$685                         main
C:   00000129  A$main$686                         main
C:   0000012A  A$main$687                         main
C:   0000012B  A$main$688                         main
C:   0000012C  A$main$689                         main
C:   0000012E  A$main$690                         main
C:   00000130  A$main$691                         main
C:   00000132  A$main$692                         main
C:   00000134  A$main$693                         main
C:   00000137  A$main$694                         main
C:   00000139  A$main$695                         main
C:   0000013B  A$main$696                         main
C:   0000013D  A$main$697                         main
C:   0000013F  A$main$698                         main
C:   00000141  A$main$699                         main
ASxxxx Linker V03.00 + NoICE + sdld,  page 22.
Hexadecimal  [32-Bits]

Area                                    Addr        Size        Decimal Bytes (Attributes)
--------------------------------        ----        ----        ------- ----- ------------
CSEG                                00000088    0000022A =         554. bytes (REL,CON,CODE)

      Value  Global                              Global Defined In Module
      -----  --------------------------------   ------------------------
C:   00000144  A$main$700                         main
C:   00000146  A$main$701                         main
C:   00000148  A$main$702                         main
C:   0000014A  A$main$703                         main
C:   0000014C  A$main$704                         main
C:   0000014E  A$main$708                         main
C:   0000014E  C$main.c$100$1$22                  main
C:   0000014E  XG$SendStringSerally$0$0           main
C:   0000014F  A$main$723                         main
C:   0000014F  C$main.c$102$1$22                  main
C:   0000014F  C$main.c$104$1$25                  main
C:   0000014F  G$SendStringCRLFSerally$0$0        main
C:   0000014F  _SendStringCRLFSerally             main
C:   00000152  A$main$726                         main
C:   00000152  C$main.c$105$1$25                  main
C:   00000155  A$main$729                         main
C:   00000155  C$main.c$106$1$25                  main
C:   00000155  XG$SendStringCRLFSerally$0$0       main
C:   00000156  A$main$745                         main
C:   00000156  C$main.c$108$1$25                  main
C:   00000156  C$main.c$110$1$27                  main
C:   00000156  G$SendStringONOFFSerally$0$0       main
C:   00000156  _SendStringONOFFSerally            main
C:   00000159  A$main$748                         main
C:   00000159  C$main.c$111$1$27                  main
C:   0000015C  A$main$749                         main
C:   0000015F  A$main$750                         main
C:   00000162  A$main$751                         main
C:   00000165  A$main$752                         main
C:   00000167  A$main$756                         main
C:   00000167  C$main.c$112$1$27                  main
C:   0000016A  A$main$757                         main
C:   0000016D  A$main$758                         main
C:   00000170  A$main$762                         main
C:   00000170  C$main.c$113$1$27                  main
C:   00000170  XG$SendStringONOFFSerally$0$0      main
C:   00000171  A$main$775                         main
C:   00000171  C$main.c$115$1$27                  main
C:   00000171  G$serial_ISR$0$0                   main
C:   00000171  _serial_ISR                        main
C:   00000173  A$main$776                         main
C:   00000175  A$main$777                         main
C:   00000177  A$main$778                         main
C:   00000179  A$main$779                         main
C:   0000017B  A$main$780                         main
C:   0000017D  A$main$781                         main
C:   0000017F  A$main$782                         main
C:   00000181  A$main$783                         main
C:   00000183  A$main$784                         main
C:   00000185  A$main$785                         main
C:   00000187  A$main$786                         main
ASxxxx Linker V03.00 + NoICE + sdld,  page 23.
Hexadecimal  [32-Bits]

Area                                    Addr        Size        Decimal Bytes (Attributes)
--------------------------------        ----        ----        ------- ----- ------------
CSEG                                00000088    0000022A =         554. bytes (REL,CON,CODE)

      Value  Global                              Global Defined In Module
      -----  --------------------------------   ------------------------
C:   00000189  A$main$787                         main
C:   0000018B  A$main$788                         main
C:   0000018D  A$main$789                         main
C:   00000190  A$main$792                         main
C:   00000190  C$main.c$118$1$27                  main
C:   00000192  A$main$795                         main
C:   00000192  C$main.c$119$1$29                  main
C:   00000195  A$main$798                         main
C:   00000195  C$main.c$121$2$30                  main
C:   00000197  A$main$801                         main
C:   00000197  C$main.c$122$2$30                  main
C:   00000199  A$main$805                         main
C:   00000199  C$main.c$125$1$29                  main
C:   0000019C  A$main$807                         main
C:   0000019E  A$main$808                         main
C:   000001A1  A$main$810                         main
C:   000001A2  A$main$811                         main
C:   000001A4  A$main$812                         main
C:   000001A6  A$main$813                         main
C:   000001A9  A$main$815                         main
C:   000001AA  A$main$816                         main
C:   000001AC  A$main$817                         main
C:   000001AD  A$main$818                         main
C:   000001AF  A$main$819                         main
C:   000001B0  A$main$820                         main
C:   000001B2  A$main$821                         main
C:   000001B3  A$main$822                         main
C:   000001B5  A$main$823                         main
C:   000001B6  A$main$824                         main
C:   000001B8  A$main$825                         main
C:   000001B9  A$main$826                         main
C:   000001CE  A$main$852                         main
C:   000001CE  C$main.c$128$2$31                  main
C:   000001D1  A$main$853                         main
C:   000001D4  A$main$854                         main
C:   000001D7  A$main$855                         main
C:   000001DA  A$main$856                         main
C:   000001DD  A$main$860                         main
C:   000001DD  C$main.c$129$2$31                  main
C:   000001DF  A$main$861                         main
C:   000001E1  A$main$862                         main
C:   000001E3  A$main$863                         main
C:   000001E6  A$main$864                         main
C:   000001E9  A$main$865                         main
C:   000001EC  A$main$866                         main
C:   000001EF  A$main$870                         main
C:   000001EF  C$main.c$130$2$31                  main
C:   000001F1  A$main$871                         main
C:   000001F3  A$main$872                         main
C:   000001F5  A$main$873                         main
C:   000001F8  A$main$874                         main
ASxxxx Linker V03.00 + NoICE + sdld,  page 24.
Hexadecimal  [32-Bits]

Area                                    Addr        Size        Decimal Bytes (Attributes)
--------------------------------        ----        ----        ------- ----- ------------
CSEG                                00000088    0000022A =         554. bytes (REL,CON,CODE)

      Value  Global                              Global Defined In Module
      -----  --------------------------------   ------------------------
C:   000001FB  A$main$875                         main
C:   000001FE  A$main$876                         main
C:   00000201  A$main$880                         main
C:   00000201  C$main.c$131$2$31                  main
C:   00000203  A$main$881                         main
C:   00000205  A$main$882                         main
C:   00000207  A$main$883                         main
C:   0000020A  A$main$884                         main
C:   0000020D  A$main$885                         main
C:   00000210  A$main$888                         main
C:   00000210  C$main.c$132$2$31                  main
C:   00000212  A$main$890                         main
C:   00000214  A$main$891                         main
C:   00000216  A$main$892                         main
C:   00000218  A$main$893                         main
C:   0000021B  A$main$894                         main
C:   0000021E  A$main$895                         main
C:   00000221  A$main$898                         main
C:   00000221  C$main.c$133$2$31                  main
C:   00000223  A$main$900                         main
C:   00000225  A$main$901                         main
C:   00000227  A$main$902                         main
C:   00000229  A$main$903                         main
C:   0000022C  A$main$904                         main
C:   0000022F  A$main$905                         main
C:   00000232  A$main$908                         main
C:   00000232  C$main.c$134$2$31                  main
C:   00000234  A$main$910                         main
C:   00000236  A$main$911                         main
C:   00000238  A$main$912                         main
C:   0000023A  A$main$913                         main
C:   0000023D  A$main$914                         main
C:   00000240  A$main$915                         main
C:   00000243  A$main$918                         main
C:   00000243  C$main.c$135$2$31                  main
C:   00000245  A$main$920                         main
C:   00000247  A$main$921                         main
C:   00000249  A$main$922                         main
C:   0000024B  A$main$923                         main
C:   0000024E  A$main$924                         main
C:   00000251  A$main$925                         main
C:   00000254  A$main$928                         main
C:   00000254  C$main.c$136$2$31                  main
C:   00000256  A$main$930                         main
C:   00000258  A$main$931                         main
C:   0000025A  A$main$932                         main
C:   0000025C  A$main$933                         main
C:   0000025F  A$main$934                         main
C:   00000262  A$main$935                         main
C:   00000265  A$main$938                         main
C:   00000265  C$main.c$137$2$31                  main
ASxxxx Linker V03.00 + NoICE + sdld,  page 25.
Hexadecimal  [32-Bits]

Area                                    Addr        Size        Decimal Bytes (Attributes)
--------------------------------        ----        ----        ------- ----- ------------
CSEG                                00000088    0000022A =         554. bytes (REL,CON,CODE)

      Value  Global                              Global Defined In Module
      -----  --------------------------------   ------------------------
C:   00000267  A$main$940                         main
C:   0000026A  A$main$941                         main
C:   0000026D  A$main$942                         main
C:   00000270  A$main$943                         main
C:   00000273  A$main$949                         main
C:   00000273  C$main.c$139$1$29                  main
C:   00000273  C$main.c$141$1$29                  main
C:   00000275  A$main$950                         main
C:   00000277  A$main$951                         main
C:   00000279  A$main$952                         main
C:   0000027B  A$main$953                         main
C:   0000027D  A$main$954                         main
C:   0000027F  A$main$955                         main
C:   00000281  A$main$956                         main
C:   00000283  A$main$957                         main
C:   00000285  A$main$958                         main
C:   00000287  A$main$959                         main
C:   00000289  A$main$960                         main
C:   0000028B  A$main$961                         main
C:   0000028D  A$main$962                         main
C:   0000028F  A$main$963                         main
C:   00000291  A$main$966                         main
C:   00000291  C$main.c$142$1$29                  main
C:   00000291  XG$serial_ISR$0$0                  main
C:   00000292  __gptrget                          _gptrget
C:   000002AE  __sdcc_external_startup            _startup

ASxxxx Linker V03.00 + NoICE + sdld,  page 26.
Hexadecimal  [32-Bits]

Area                                    Addr        Size        Decimal Bytes (Attributes)
--------------------------------        ----        ----        ------- ----- ------------
CONST                               000002B2    00000109 =         265. bytes (REL,CON,CODE)

      Value  Global                              Global Defined In Module
      -----  --------------------------------   ------------------------
C:   000002B2  G$mensajeInicialLine1$0$0          main
C:   000002B2  _mensajeInicialLine1               main
C:   000002F0  G$mensajeInicialLine2$0$0          main
C:   000002F0  _mensajeInicialLine2               main
C:   00000315  G$mensajeInicialLine3$0$0          main
C:   00000315  _mensajeInicialLine3               main
C:   00000337  Fmain$__str_0$0$0                  main
C:   0000033D  Fmain$__str_1$0$0                  main
C:   00000344  Fmain$__str_2$0$0                  main
C:   0000035C  Fmain$__str_3$0$0                  main
C:   00000365  Fmain$__str_4$0$0                  main
C:   0000036E  Fmain$__str_5$0$0                  main
C:   00000377  Fmain$__str_6$0$0                  main
C:   00000380  Fmain$__str_7$0$0                  main
C:   00000389  Fmain$__str_8$0$0                  main
C:   00000392  Fmain$__str_9$0$0                  main
C:   0000039B  Fmain$__str_10$0$0                 main
C:   000003A4  Fmain$__str_11$0$0                 main
ASxxxx Linker V03.00 + NoICE + sdld,  page 27.

Files Linked                              [ module(s) ]

obj\Debug\main.rel                        [  ]


Libraries Linked                          [ object file ]

D:\Program Files\SDCC\bin\..\lib\small/mcs51.lib
                                          [ crtclear.rel ]
D:\Program Files\SDCC\bin\..\lib\small/mcs51.lib
                                          [ crtxinit.rel ]
D:\Program Files\SDCC\bin\..\lib\small/mcs51.lib
                                          [ crtxclear.rel ]
D:\Program Files\SDCC\bin\..\lib\small/mcs51.lib
                                          [ crtpagesfr.rel ]
D:\Program Files\SDCC\bin\..\lib\small/mcs51.lib
                                          [ crtstart.rel ]
D:\Program Files\SDCC\bin\..\lib\small/libsdcc.lib
                                          [ _gptrget.rel ]
D:\Program Files\SDCC\bin\..\lib\small/libsdcc.lib
                                          [ _startup.rel ]

ASxxxx Linker V03.00 + NoICE + sdld,  page 28.

User Base Address Definitions

HOME = 0x0000
XSEG = 0x0001
PSEG = 0x0001
ISEG = 0x0000
BSEG = 0x0000

